
> Configure project :
Fabric Loom: 1.9.2

> Task :clean

> Task :compileJava FAILED
/workspaces/Bucu/lmao/src/main/java/com/x310/clarity/modules/crashers/CompressionBomb.java:12: error: cannot find symbol
import net.minecraft.network.packet.c2s.play.CustomPayloadC2SPacket;
                                            ^
  symbol:   class CustomPayloadC2SPacket
  location: package net.minecraft.network.packet.c2s.play
1 error

[Incubating] Problems report is available at: file:///workspaces/Bucu/lmao/build/reports/problems/problems-report.html

FAILURE: Build failed with an exception.

* What went wrong:
Execution failed for task ':compileJava'.
> Compilation failed; see the compiler output below.
  /workspaces/Bucu/lmao/src/main/java/com/x310/clarity/modules/crashers/CompressionBomb.java:12: error: cannot find symbol
  import net.minecraft.network.packet.c2s.play.CustomPayloadC2SPacket;
                                              ^
    symbol:   class CustomPayloadC2SPacket
    location: package net.minecraft.network.packet.c2s.play
  1 error

* Try:
> Check your code and dependencies to fix the compilation error(s)
> Run with --scan to get full insights.

BUILD FAILED in 1s
2 actionable tasks: 2 executed
